2026-02-10 15:17:18 [INFO] Started Initialization.
2026-02-10 15:17:19 [INFO] Loading QSS at <D:\· ScholarHub\MediaFile\qss\default.qss>.
2026-02-10 15:17:19 [INFO] Load QSS Successfully.
2026-02-10 15:17:20 [INFO] Started Successfully.
2026-02-10 15:17:21 [INFO] Exiting Program Normal.

2026-02-10 15:54:28 [INFO] Started Initialization.
2026-02-10 15:54:28 [INFO] Loading QSS at <D:\· ScholarHub\MediaFile\qss\default.qss>.
2026-02-10 15:54:28 [INFO] Load QSS Successfully.
2026-02-10 15:54:30 [INFO] Started Successfully.
2026-02-10 15:54:40 [INFO] Try goto window <TeachingAIDSWindow>.
2026-02-10 15:54:40 [INFO] Turn to window <TeachingAIDSWindow> Successfully.
2026-02-10 15:54:42 [INFO] Try goto window <生物-2026寒假作业>.
2026-02-10 15:54:42 [INFO] Turn to window <生物-2026寒假作业> Successfully.
2026-02-10 15:55:17 [INFO] Try goto window <TeachingAIDSWindow>.
2026-02-10 15:55:17 [INFO] Turn to window <TeachingAIDSWindow> Successfully.
2026-02-10 15:55:18 [INFO] Exiting Program Normal.

2026-02-10 15:55:21 [INFO] Started Initialization.
2026-02-10 15:55:21 [INFO] Loading QSS at <D:\· ScholarHub\MediaFile\qss\default.qss>.
2026-02-10 15:55:21 [INFO] Load QSS Successfully.
2026-02-10 15:55:22 [INFO] Started Successfully.
2026-02-10 15:55:23 [INFO] Try goto window <TeachingAIDSWindow>.
2026-02-10 15:55:23 [INFO] Turn to window <TeachingAIDSWindow> Successfully.
2026-02-10 15:55:24 [INFO] Try goto window <数学-2026寒假作业>.
2026-02-10 15:55:24 [INFO] Turn to window <数学-2026寒假作业> Successfully.
2026-02-10 15:55:25 [INFO] Try goto window <TeachingAIDSWindow>.
2026-02-10 15:55:25 [INFO] Turn to window <TeachingAIDSWindow> Successfully.
2026-02-10 15:55:26 [INFO] Try goto window <生物-2026寒假作业>.
2026-02-10 15:55:26 [INFO] Turn to window <生物-2026寒假作业> Successfully.
2026-02-10 15:55:32 [INFO] Try goto window <TeachingAIDSWindow>.
2026-02-10 15:55:32 [INFO] Turn to window <TeachingAIDSWindow> Successfully.
2026-02-10 15:55:46 [INFO] Try goto window <生物-2026寒假作业>.
2026-02-10 15:55:46 [INFO] Turn to window <生物-2026寒假作业> Successfully.
2026-02-10 15:55:48 [INFO] Try goto window <SettingsWindow>.
2026-02-10 15:55:48 [INFO] Turn to window <SettingsWindow> Successfully.
2026-02-10 15:55:49 [INFO] Try goto window <生物-2026寒假作业>.
2026-02-10 15:55:49 [INFO] Turn to window <生物-2026寒假作业> Successfully.
2026-02-10 15:55:59 [INFO] Exiting Program Normal.

